2026-04-28 15:47:39 INFO  BrowserSetUp - Browser setup started
2026-04-28 15:52:03 INFO  BrowserSetUp - Browser setup started
2026-04-28 17:32:55 INFO  BrowserSetUp - Starting local WebDriver
2026-04-28 17:32:57 INFO  BrowserSetUp - Browser setup started
2026-05-14 22:17:28 INFO  BrowserSetUp - Starting local WebDriver
2026-05-14 22:18:11 INFO  BrowserSetUp - Browser setup started
2026-05-15 22:11:52 INFO  BrowserSetUp - Starting local WebDriver
2026-05-15 22:12:02 INFO  BrowserSetUp - Browser setup started
2026-05-15 22:45:27 INFO  DriverManager - Starting browser=chrome remoteUrl=
2026-05-15 22:45:27 INFO  DriverManager - Starting local WebDriver
2026-05-15 22:45:34 INFO  DriverManager - Browser started for thread main
2026-05-15 22:45:34 INFO  HomePage - Application home page displayed
2026-05-15 22:45:36 INFO  DriverManager - Starting browser=chrome remoteUrl=
2026-05-15 22:45:36 INFO  DriverManager - Starting local WebDriver
2026-05-15 22:45:38 INFO  DriverManager - Browser started for thread main
2026-05-15 22:45:40 ERROR hook - Screenshot saved: C:\Users\abhis\IdeaProjects\AOSP_UITESTING\target\screenshots\Home_page_loads_with_key_UI_elements_20260515_224539.png
2026-05-15 22:45:40 INFO  DriverManager - Starting browser=chrome remoteUrl=
2026-05-15 22:45:40 INFO  DriverManager - Starting local WebDriver
2026-05-15 22:45:42 INFO  DriverManager - Browser started for thread main
2026-05-15 22:48:15 INFO  DriverManager - Starting browser=chrome remoteUrl=
2026-05-15 22:48:15 INFO  DriverManager - Starting local WebDriver
2026-05-15 22:48:23 INFO  DriverManager - Browser started for thread main
2026-05-15 22:48:24 INFO  HomePage - Application home page displayed
2026-05-15 23:00:33 INFO  DriverManager - Starting browser=chrome remoteUrl=
2026-05-15 23:00:33 INFO  DriverManager - Starting local WebDriver
2026-05-15 23:00:37 INFO  DriverManager - Browser started for thread main
2026-05-15 23:00:37 INFO  HomePage - Application home page displayed
2026-05-15 23:00:38 INFO  DriverManager - Starting browser=chrome remoteUrl=
2026-05-15 23:00:38 INFO  DriverManager - Starting local WebDriver
2026-05-15 23:00:40 INFO  DriverManager - Browser started for thread main
2026-05-15 23:00:41 ERROR hook - Screenshot saved: C:\Users\abhis\IdeaProjects\AOSP_UITESTING\target\screenshots\Home_page_loads_with_key_UI_elements_20260515_230040.png
2026-05-15 23:00:41 INFO  DriverManager - Starting browser=chrome remoteUrl=
2026-05-15 23:00:41 INFO  DriverManager - Starting local WebDriver
2026-05-15 23:00:43 INFO  DriverManager - Browser started for thread main
2026-05-15 23:00:59 ERROR hook - Screenshot saved: C:\Users\abhis\IdeaProjects\AOSP_UITESTING\target\screenshots\Navigate_to_top-level_sections_20260515_230059.png
2026-05-15 23:00:59 INFO  DriverManager - Starting browser=chrome remoteUrl=
2026-05-15 23:00:59 INFO  DriverManager - Starting local WebDriver
2026-05-15 23:01:01 INFO  DriverManager - Browser started for thread main
2026-05-15 23:01:17 ERROR hook - Screenshot saved: C:\Users\abhis\IdeaProjects\AOSP_UITESTING\target\screenshots\Navigate_to_top-level_sections_20260515_230116.png
2026-05-15 23:01:17 INFO  DriverManager - Starting browser=chrome remoteUrl=
2026-05-15 23:01:17 INFO  DriverManager - Starting local WebDriver
2026-05-15 23:01:19 INFO  DriverManager - Browser started for thread main
2026-05-15 23:01:35 ERROR hook - Screenshot saved: C:\Users\abhis\IdeaProjects\AOSP_UITESTING\target\screenshots\Navigate_to_top-level_sections_20260515_230134.png
2026-05-15 23:01:35 INFO  DriverManager - Starting browser=chrome remoteUrl=
2026-05-15 23:01:35 INFO  DriverManager - Starting local WebDriver
2026-05-15 23:01:37 INFO  DriverManager - Browser started for thread main
2026-05-15 23:01:53 ERROR hook - Screenshot saved: C:\Users\abhis\IdeaProjects\AOSP_UITESTING\target\screenshots\Navigate_to_top-level_sections_20260515_230152.png
2026-05-15 23:01:54 INFO  DriverManager - Starting browser=chrome remoteUrl=
2026-05-15 23:01:54 INFO  DriverManager - Starting local WebDriver
2026-05-15 23:01:57 INFO  DriverManager - Browser started for thread main
2026-05-15 23:02:13 ERROR hook - Screenshot saved: C:\Users\abhis\IdeaProjects\AOSP_UITESTING\target\screenshots\Navigate_to_top-level_sections_20260515_230212.png
2026-05-15 23:02:14 INFO  DriverManager - Starting browser=chrome remoteUrl=
2026-05-15 23:02:14 INFO  DriverManager - Starting local WebDriver
2026-05-15 23:02:16 INFO  DriverManager - Browser started for thread main
2026-05-15 23:02:32 ERROR hook - Screenshot saved: C:\Users\abhis\IdeaProjects\AOSP_UITESTING\target\screenshots\Navigate_to_top-level_sections_20260515_230231.png
2026-05-15 23:02:33 INFO  DriverManager - Starting browser=chrome remoteUrl=
2026-05-15 23:02:33 INFO  DriverManager - Starting local WebDriver
2026-05-15 23:02:34 INFO  DriverManager - Browser started for thread main
2026-05-15 23:02:35 ERROR hook - Screenshot saved: C:\Users\abhis\IdeaProjects\AOSP_UITESTING\target\screenshots\Footer_links_exist_and_are_clickable_20260515_230235.png
2026-05-15 23:02:36 INFO  DriverManager - Starting browser=chrome remoteUrl=
2026-05-15 23:02:36 INFO  DriverManager - Starting local WebDriver
2026-05-15 23:02:38 INFO  DriverManager - Browser started for thread main
2026-05-15 23:02:39 INFO  DriverManager - Starting browser=chrome remoteUrl=
2026-05-15 23:02:39 INFO  DriverManager - Starting local WebDriver
2026-05-15 23:02:41 INFO  DriverManager - Browser started for thread main
2026-05-15 23:02:42 INFO  DriverManager - Starting browser=chrome remoteUrl=
2026-05-15 23:02:42 INFO  DriverManager - Starting local WebDriver
2026-05-15 23:02:44 INFO  DriverManager - Browser started for thread main
2026-05-15 23:02:45 ERROR hook - Screenshot saved: C:\Users\abhis\IdeaProjects\AOSP_UITESTING\target\screenshots\Responsive_menu_renders_on_smaller_screens_20260515_230244.png
2026-05-15 23:02:47 INFO  DriverManager - Starting browser=chrome remoteUrl=
2026-05-15 23:02:47 INFO  DriverManager - Starting local WebDriver
2026-05-15 23:02:48 INFO  DriverManager - Browser started for thread main
2026-05-15 23:02:49 INFO  HomePage - Application home page displayed
2026-05-15 23:02:49 INFO  DriverManager - Starting browser=chrome remoteUrl=
2026-05-15 23:02:49 INFO  DriverManager - Starting local WebDriver
2026-05-15 23:02:50 INFO  DriverManager - Browser started for thread main
2026-05-15 23:03:06 ERROR hook - Screenshot saved: C:\Users\abhis\IdeaProjects\AOSP_UITESTING\target\screenshots\Successful_user_registration_20260515_230306.png
2026-05-15 23:03:07 INFO  DriverManager - Starting browser=chrome remoteUrl=
2026-05-15 23:03:07 INFO  DriverManager - Starting local WebDriver
2026-05-15 23:03:08 INFO  DriverManager - Browser started for thread main
2026-05-15 23:08:19 INFO  DriverManager - Starting browser=chrome remoteUrl=
2026-05-15 23:08:19 INFO  DriverManager - Starting local WebDriver
2026-05-15 23:08:22 INFO  DriverManager - Browser started for thread main
2026-05-15 23:08:22 INFO  hook - Browser launched once for entire test run
2026-05-15 23:08:23 INFO  HomePage - Application home page displayed
2026-05-15 23:08:24 INFO  hook - Browser closed after all scenarios completed
2026-05-15 18:34:29 INFO  DriverManager - Starting browser=chrome remoteUrl=
2026-05-15 18:34:29 INFO  DriverManager - Starting local WebDriver
2026-05-15 18:34:36 INFO  DriverManager - Browser started for thread main
2026-05-15 18:34:36 INFO  hook - Browser launched once for entire test run
2026-05-15 18:34:38 ERROR hook - Screenshot saved: /mnt/c/Users/abhis/IdeaProjects/AOSP_UITESTING/target/screenshots/Successful_user_registration_20260515_183438.png
2026-05-15 18:34:40 ERROR hook - Screenshot saved: /mnt/c/Users/abhis/IdeaProjects/AOSP_UITESTING/target/screenshots/Successful_user_registration_20260515_183439.png
2026-05-15 18:34:40 ERROR hook - Screenshot saved: /mnt/c/Users/abhis/IdeaProjects/AOSP_UITESTING/target/screenshots/Registration_validation_errors_20260515_183440.png
2026-05-15 18:34:41 ERROR hook - Screenshot saved: /mnt/c/Users/abhis/IdeaProjects/AOSP_UITESTING/target/screenshots/Registration_validation_errors_20260515_183441.png
2026-05-15 18:34:42 ERROR hook - Screenshot saved: /mnt/c/Users/abhis/IdeaProjects/AOSP_UITESTING/target/screenshots/Registration_validation_errors_20260515_183441.png
2026-05-15 18:34:42 ERROR hook - Screenshot saved: /mnt/c/Users/abhis/IdeaProjects/AOSP_UITESTING/target/screenshots/Registration_validation_errors_20260515_183442.png
2026-05-15 18:34:42 ERROR hook - Screenshot saved: /mnt/c/Users/abhis/IdeaProjects/AOSP_UITESTING/target/screenshots/Registration_validation_errors_20260515_183442.png
2026-05-15 18:34:43 ERROR hook - Screenshot saved: /mnt/c/Users/abhis/IdeaProjects/AOSP_UITESTING/target/screenshots/Successful_login_with_valid_credentials_20260515_183442.png
2026-05-15 18:34:43 ERROR hook - Screenshot saved: /mnt/c/Users/abhis/IdeaProjects/AOSP_UITESTING/target/screenshots/Login_fails_with_invalid_credentials_20260515_183443.png
2026-05-15 18:34:43 INFO  hook - Browser closed after all scenarios completed
2026-05-16 00:06:24 INFO  DriverManager - Starting browser=chrome remoteUrl=
2026-05-16 00:06:24 INFO  DriverManager - Starting local WebDriver
2026-05-16 00:06:27 INFO  DriverManager - Browser started for thread main
2026-05-16 00:06:27 INFO  hook - Browser launched once for entire test run
2026-05-16 00:06:29 ERROR hook - Screenshot saved: C:\Users\abhis\IdeaProjects\AOSP_UITESTING\target\screenshots\Successful_user_registration_20260516_000629.png
2026-05-16 00:06:30 ERROR hook - Screenshot saved: C:\Users\abhis\IdeaProjects\AOSP_UITESTING\target\screenshots\Successful_user_registration_20260516_000629.png
2026-05-16 00:06:30 ERROR hook - Screenshot saved: C:\Users\abhis\IdeaProjects\AOSP_UITESTING\target\screenshots\Registration_validation_errors_20260516_000630.png
2026-05-16 00:06:30 ERROR hook - Screenshot saved: C:\Users\abhis\IdeaProjects\AOSP_UITESTING\target\screenshots\Registration_validation_errors_20260516_000630.png
2026-05-16 00:06:31 ERROR hook - Screenshot saved: C:\Users\abhis\IdeaProjects\AOSP_UITESTING\target\screenshots\Registration_validation_errors_20260516_000630.png
2026-05-16 00:06:32 ERROR hook - Screenshot saved: C:\Users\abhis\IdeaProjects\AOSP_UITESTING\target\screenshots\Registration_validation_errors_20260516_000632.png
2026-05-16 00:06:32 ERROR hook - Screenshot saved: C:\Users\abhis\IdeaProjects\AOSP_UITESTING\target\screenshots\Registration_validation_errors_20260516_000632.png
2026-05-16 00:06:33 ERROR hook - Screenshot saved: C:\Users\abhis\IdeaProjects\AOSP_UITESTING\target\screenshots\Successful_login_with_valid_credentials_20260516_000632.png
2026-05-16 00:06:33 ERROR hook - Screenshot saved: C:\Users\abhis\IdeaProjects\AOSP_UITESTING\target\screenshots\Login_fails_with_invalid_credentials_20260516_000633.png
2026-05-16 00:06:33 INFO  hook - Browser closed after all scenarios completed
2026-05-16 00:13:05 INFO  DriverManager - Starting browser=chrome remoteUrl=
2026-05-16 00:13:05 INFO  DriverManager - Starting local WebDriver
2026-05-16 00:13:08 INFO  DriverManager - Browser started for thread main
2026-05-16 00:13:08 INFO  hook - Browser launched once for entire test run
2026-05-16 00:13:11 INFO  hook - Browser closed after all scenarios completed
2026-05-16 00:19:30 INFO  DriverManager - Starting browser=chrome remoteUrl=
2026-05-16 00:19:30 INFO  DriverManager - Starting local WebDriver
2026-05-16 00:19:33 INFO  DriverManager - Browser started for thread main
2026-05-16 00:19:33 INFO  hook - Browser launched once for entire test run
2026-05-16 00:19:33 INFO  HomePage - Application home page displayed
2026-05-16 00:19:34 INFO  hook - Browser closed after all scenarios completed
2026-05-16 00:21:44 INFO  DriverManager - Starting browser=chrome remoteUrl=
2026-05-16 00:21:44 INFO  DriverManager - Starting local WebDriver
2026-05-16 00:21:47 INFO  DriverManager - Browser started for thread main
2026-05-16 00:21:47 INFO  hook - Browser launched once for entire test run
2026-05-16 00:21:49 INFO  hook - Browser closed after all scenarios completed
